episode   0:   163 samples (100 beacon)   [1/80, 17 s]
episode   1:   100 samples (59 beacon)   [2/80, 17 s]
episode   3:   119 samples (96 beacon)   [3/80, 37 s]
episode   2:   135 samples (98 beacon)   [4/80, 38 s]
episode   4:   188 samples (69 beacon)   [5/80, 54 s]
episode   5:   114 samples (69 beacon)   [6/80, 55 s]
episode   7:   118 samples (109 beacon)   [7/80, 68 s]
episode   6:   145 samples (42 beacon)   [8/80, 69 s]
episode   8:   201 samples (135 beacon)   [9/80, 81 s]
episode   9:   108 samples (93 beacon)   [10/80, 84 s]
episode  10:   115 samples (41 beacon)   [11/80, 101 s]
episode  11:   145 samples (59 beacon)   [12/80, 101 s]
episode  13:   167 samples (63 beacon)   [13/80, 115 s]
episode  12:   122 samples (16 beacon)   [14/80, 118 s]
episode  15:   131 samples (58 beacon)   [15/80, 132 s]
episode  14:    98 samples (62 beacon)   [16/80, 132 s]
episode  17:   192 samples (114 beacon)   [17/80, 146 s]
episode  16:   268 samples (67 beacon)   [18/80, 148 s]
episode  19:   113 samples (56 beacon)   [19/80, 162 s]
episode  18:   111 samples (18 beacon)   [20/80, 163 s]
episode  21:   223 samples (16 beacon)   [21/80, 176 s]
episode  20:   283 samples (85 beacon)   [22/80, 176 s]
episode  22:    50 samples (36 beacon)   [23/80, 190 s]
episode  23:   140 samples (92 beacon)   [24/80, 190 s]
episode  24:   195 samples (111 beacon)   [25/80, 203 s]
episode  25:    17 samples (12 beacon)   [26/80, 207 s]
episode  26:    39 samples (6 beacon)   [27/80, 225 s]
episode  27:    44 samples (15 beacon)   [28/80, 229 s]
episode  28:   611 samples (33 beacon)   [29/80, 244 s]
episode  29:   169 samples (66 beacon)   [30/80, 245 s]
episode  30:    76 samples (60 beacon)   [31/80, 259 s]
episode  31:    67 samples (27 beacon)   [32/80, 265 s]
episode  32:   132 samples (28 beacon)   [33/80, 278 s]
episode  33:   168 samples (115 beacon)   [34/80, 283 s]
episode  34:   165 samples (139 beacon)   [35/80, 296 s]
episode  35:   133 samples (25 beacon)   [36/80, 303 s]
episode  37:   114 samples (41 beacon)   [37/80, 321 s]
episode  36:  1299 samples (39 beacon)   [38/80, 324 s]
episode  38:   138 samples (117 beacon)   [39/80, 336 s]
episode  39:   129 samples (83 beacon)   [40/80, 340 s]
episode  40:   112 samples (28 beacon)   [41/80, 356 s]
episode  41:    99 samples (5 beacon)   [42/80, 357 s]
episode  43:   135 samples (32 beacon)   [43/80, 373 s]
episode  42:   425 samples (95 beacon)   [44/80, 376 s]
episode  44:   108 samples (9 beacon)   [45/80, 390 s]
episode  45:   871 samples (63 beacon)   [46/80, 396 s]
episode  46:   122 samples (122 beacon)   [47/80, 407 s]
episode  47:   143 samples (51 beacon)   [48/80, 415 s]
episode  48:   179 samples (101 beacon)   [49/80, 422 s]
episode  49:   247 samples (136 beacon)   [50/80, 431 s]
episode  50:    37 samples (23 beacon)   [51/80, 444 s]
episode  51:   198 samples (60 beacon)   [52/80, 450 s]
episode  52:   164 samples (91 beacon)   [53/80, 463 s]
episode  53:    88 samples (61 beacon)   [54/80, 471 s]
episode  54:   138 samples (47 beacon)   [55/80, 490 s]
episode  55:   322 samples (50 beacon)   [56/80, 501 s]
episode  56:  2293 samples (56 beacon)   [57/80, 520 s]
episode  57:    73 samples (40 beacon)   [58/80, 520 s]
episode  59:    66 samples (35 beacon)   [59/80, 541 s]
episode  58:   138 samples (63 beacon)   [60/80, 546 s]
episode  60:   304 samples (128 beacon)   [61/80, 564 s]
episode  61:   161 samples (26 beacon)   [62/80, 568 s]
episode  62:    82 samples (3 beacon)   [63/80, 586 s]
episode  63:   201 samples (107 beacon)   [64/80, 587 s]
episode  65:   139 samples (87 beacon)   [65/80, 609 s]
episode  64:   145 samples (53 beacon)   [66/80, 609 s]
episode  66:   140 samples (48 beacon)   [67/80, 628 s]
episode  67:    83 samples (0 beacon)   [68/80, 632 s]
episode  68:   180 samples (46 beacon)   [69/80, 649 s]
episode  69:   157 samples (145 beacon)   [70/80, 652 s]
episode  71:   117 samples (83 beacon)   [71/80, 670 s]
episode  70:   101 samples (20 beacon)   [72/80, 670 s]
episode  73:   532 samples (12 beacon)   [73/80, 687 s]
episode  72:   186 samples (66 beacon)   [74/80, 687 s]
episode  75:    72 samples (30 beacon)   [75/80, 702 s]
episode  74:    49 samples (46 beacon)   [76/80, 707 s]
episode  76:   144 samples (46 beacon)   [77/80, 723 s]
episode  77:   175 samples (26 beacon)   [78/80, 725 s]
episode  78:    85 samples (25 beacon)   [79/80, 746 s]
episode  79:   162 samples (29 beacon)   [80/80, 748 s]

Saved 16218 samples to C:\Users\RISHABH\Desktop\SIH_hackathon\data\beacon_dataset_v2.npz
  train     :  13751  (beacon=4002, steady_decoy=1467, wrong_rate_decoy=1579, near_rate_decoy=461, glint=4, other=5748, harmonic_decoy=490)
  validation:   2467  (beacon=762, steady_decoy=293, wrong_rate_decoy=333, near_rate_decoy=272, glint=0, other=538, harmonic_decoy=269)
